// Jest Snapshot v1, https://goo.gl/fbAQLP

exports[`RegistroUsuario renders correctly 1`] = `
<form
  class="v-form"
  id="formRegistro"
  novalidate="novalidate"
>
  <div
    class="v-input theme--light v-text-field"
  >
    <div
      class="v-input__control"
    >
      <div
        class="v-input__slot"
      >
        <div
          class="v-text-field__slot"
        >
          <input
            id="nomUsuario"
            type="text"
          />
        </div>
      </div>
      <div
        class="v-text-field__details"
      >
        <div
          class="v-messages theme--light"
        >
          <transition-group-stub
            class="v-messages__wrapper"
            name="message-transition"
            tag="div"
          />
        </div>
      </div>
    </div>
  </div>
   
  <div
    class="v-input theme--light v-text-field"
  >
    <div
      class="v-input__control"
    >
      <div
        class="v-input__slot"
      >
        <div
          class="v-text-field__slot"
        >
          <input
            id="codUsuario"
            type="text"
          />
        </div>
      </div>
      <div
        class="v-text-field__details"
      >
        <div
          class="v-messages theme--light"
        >
          <transition-group-stub
            class="v-messages__wrapper"
            name="message-transition"
            tag="div"
          />
        </div>
      </div>
    </div>
  </div>
   
  <div
    class="v-input theme--light v-text-field"
  >
    <div
      class="v-input__control"
    >
      <div
        class="v-input__slot"
      >
        <div
          class="v-text-field__slot"
        >
          <input
            id="emailUsuario"
            type="text"
          />
        </div>
      </div>
      <div
        class="v-text-field__details"
      >
        <div
          class="v-messages theme--light"
        >
          <transition-group-stub
            class="v-messages__wrapper"
            name="message-transition"
            tag="div"
          />
        </div>
      </div>
    </div>
  </div>
   
  <div
    class="v-input theme--light v-input--selection-controls v-input--radio-group v-input--radio-group--column"
  >
    <div
      class="v-input__control"
    >
      <div
        class="v-input__slot"
        style="height: auto;"
      >
        <div
          aria-labelledby="tipoUsuario"
          class="v-input--radio-group__input"
          id="tipoUsuario"
          role="radiogroup"
        >
          <div
            class="v-radio theme--light"
          >
            <div
              class="v-input--selection-controls__input"
            >
              <i
                aria-hidden="true"
                class="v-icon notranslate material-icons theme--light"
              >
                $radioOff
              </i>
              <input
                aria-checked="false"
                id="radioDocente"
                name="radio-37"
                role="radio"
                type="radio"
                value=""
              />
              <div
                class="v-input--selection-controls__ripple"
              />
            </div>
          </div>
           
          <div
            class="v-radio theme--light"
          >
            <div
              class="v-input--selection-controls__input"
            >
              <i
                aria-hidden="true"
                class="v-icon notranslate material-icons theme--light"
              >
                $radioOff
              </i>
              <input
                aria-checked="false"
                id="radioEstudiante"
                name="radio-37"
                role="radio"
                type="radio"
                value=""
              />
              <div
                class="v-input--selection-controls__ripple"
              />
            </div>
          </div>
        </div>
      </div>
      <div
        class="v-messages theme--light"
      >
        <transition-group-stub
          class="v-messages__wrapper"
          name="message-transition"
          tag="div"
        />
      </div>
    </div>
  </div>
   
  <div
    class="v-input theme--light v-text-field"
  >
    <div
      class="v-input__control"
    >
      <div
        class="v-input__slot"
      >
        <div
          class="v-text-field__slot"
        >
          <input
            id="contrasena"
            type="text"
          />
        </div>
      </div>
      <div
        class="v-text-field__details"
      >
        <div
          class="v-messages theme--light"
        >
          <transition-group-stub
            class="v-messages__wrapper"
            name="message-transition"
            tag="div"
          />
        </div>
      </div>
    </div>
  </div>
   
  <div
    class="v-input theme--light v-text-field"
  >
    <div
      class="v-input__control"
    >
      <div
        class="v-input__slot"
      >
        <div
          class="v-text-field__slot"
        >
          <input
            id="repertirContrasena"
            type="text"
          />
        </div>
      </div>
      <div
        class="v-text-field__details"
      >
        <div
          class="v-messages theme--light"
        >
          <transition-group-stub
            class="v-messages__wrapper"
            name="message-transition"
            tag="div"
          />
        </div>
      </div>
    </div>
  </div>
</form>
`;
